Archive member included to satisfy reference by file (symbol)

/home/gauravkh/Ac6/SystemWorkbench/plugins/fr.ac6.mcu.externaltools.arm-none.linux64_1.16.0.201807130628/tools/compiler/bin/../lib/gcc/arm-none-eabi/7.2.1/../../../../arm-none-eabi/lib/thumb/v7e-m/fpv4-sp/hard/libc.a(lib_a-errno.o)
                              src/syscalls.o (__errno)
/home/gauravkh/Ac6/SystemWorkbench/plugins/fr.ac6.mcu.externaltools.arm-none.linux64_1.16.0.201807130628/tools/compiler/bin/../lib/gcc/arm-none-eabi/7.2.1/../../../../arm-none-eabi/lib/thumb/v7e-m/fpv4-sp/hard/libc.a(lib_a-exit.o)
                              /home/gauravkh/Ac6/SystemWorkbench/plugins/fr.ac6.mcu.externaltools.arm-none.linux64_1.16.0.201807130628/tools/compiler/bin/../lib/gcc/arm-none-eabi/7.2.1/../../../../arm-none-eabi/lib/thumb/v7e-m/fpv4-sp/hard/crt0.o (exit)
/home/gauravkh/Ac6/SystemWorkbench/plugins/fr.ac6.mcu.externaltools.arm-none.linux64_1.16.0.201807130628/tools/compiler/bin/../lib/gcc/arm-none-eabi/7.2.1/../../../../arm-none-eabi/lib/thumb/v7e-m/fpv4-sp/hard/libc.a(lib_a-impure.o)
                              /home/gauravkh/Ac6/SystemWorkbench/plugins/fr.ac6.mcu.externaltools.arm-none.linux64_1.16.0.201807130628/tools/compiler/bin/../lib/gcc/arm-none-eabi/7.2.1/../../../../arm-none-eabi/lib/thumb/v7e-m/fpv4-sp/hard/libc.a(lib_a-exit.o) (_global_impure_ptr)
/home/gauravkh/Ac6/SystemWorkbench/plugins/fr.ac6.mcu.externaltools.arm-none.linux64_1.16.0.201807130628/tools/compiler/bin/../lib/gcc/arm-none-eabi/7.2.1/../../../../arm-none-eabi/lib/thumb/v7e-m/fpv4-sp/hard/libc.a(lib_a-init.o)
                              /home/gauravkh/Ac6/SystemWorkbench/plugins/fr.ac6.mcu.externaltools.arm-none.linux64_1.16.0.201807130628/tools/compiler/bin/../lib/gcc/arm-none-eabi/7.2.1/../../../../arm-none-eabi/lib/thumb/v7e-m/fpv4-sp/hard/crt0.o (__libc_init_array)
/home/gauravkh/Ac6/SystemWorkbench/plugins/fr.ac6.mcu.externaltools.arm-none.linux64_1.16.0.201807130628/tools/compiler/bin/../lib/gcc/arm-none-eabi/7.2.1/../../../../arm-none-eabi/lib/thumb/v7e-m/fpv4-sp/hard/libc.a(lib_a-memset.o)
                              /home/gauravkh/Ac6/SystemWorkbench/plugins/fr.ac6.mcu.externaltools.arm-none.linux64_1.16.0.201807130628/tools/compiler/bin/../lib/gcc/arm-none-eabi/7.2.1/../../../../arm-none-eabi/lib/thumb/v7e-m/fpv4-sp/hard/crt0.o (memset)
/home/gauravkh/Ac6/SystemWorkbench/plugins/fr.ac6.mcu.externaltools.arm-none.linux64_1.16.0.201807130628/tools/compiler/bin/../lib/gcc/arm-none-eabi/7.2.1/../../../../arm-none-eabi/lib/thumb/v7e-m/fpv4-sp/hard/libc.a(lib_a-__call_atexit.o)
                              /home/gauravkh/Ac6/SystemWorkbench/plugins/fr.ac6.mcu.externaltools.arm-none.linux64_1.16.0.201807130628/tools/compiler/bin/../lib/gcc/arm-none-eabi/7.2.1/../../../../arm-none-eabi/lib/thumb/v7e-m/fpv4-sp/hard/libc.a(lib_a-exit.o) (__call_exitprocs)
/home/gauravkh/Ac6/SystemWorkbench/plugins/fr.ac6.mcu.externaltools.arm-none.linux64_1.16.0.201807130628/tools/compiler/bin/../lib/gcc/arm-none-eabi/7.2.1/../../../../arm-none-eabi/lib/thumb/v7e-m/fpv4-sp/hard/libc.a(lib_a-atexit.o)
                              /home/gauravkh/Ac6/SystemWorkbench/plugins/fr.ac6.mcu.externaltools.arm-none.linux64_1.16.0.201807130628/tools/compiler/bin/../lib/gcc/arm-none-eabi/7.2.1/../../../../arm-none-eabi/lib/thumb/v7e-m/fpv4-sp/hard/libc.a(lib_a-__call_atexit.o) (atexit)
/home/gauravkh/Ac6/SystemWorkbench/plugins/fr.ac6.mcu.externaltools.arm-none.linux64_1.16.0.201807130628/tools/compiler/bin/../lib/gcc/arm-none-eabi/7.2.1/../../../../arm-none-eabi/lib/thumb/v7e-m/fpv4-sp/hard/libc.a(lib_a-fini.o)
                              /home/gauravkh/Ac6/SystemWorkbench/plugins/fr.ac6.mcu.externaltools.arm-none.linux64_1.16.0.201807130628/tools/compiler/bin/../lib/gcc/arm-none-eabi/7.2.1/../../../../arm-none-eabi/lib/thumb/v7e-m/fpv4-sp/hard/libc.a(lib_a-__call_atexit.o) (__libc_fini_array)
/home/gauravkh/Ac6/SystemWorkbench/plugins/fr.ac6.mcu.externaltools.arm-none.linux64_1.16.0.201807130628/tools/compiler/bin/../lib/gcc/arm-none-eabi/7.2.1/../../../../arm-none-eabi/lib/thumb/v7e-m/fpv4-sp/hard/libc.a(lib_a-lock.o)
                              /home/gauravkh/Ac6/SystemWorkbench/plugins/fr.ac6.mcu.externaltools.arm-none.linux64_1.16.0.201807130628/tools/compiler/bin/../lib/gcc/arm-none-eabi/7.2.1/../../../../arm-none-eabi/lib/thumb/v7e-m/fpv4-sp/hard/libc.a(lib_a-__call_atexit.o) (__retarget_lock_acquire_recursive)
/home/gauravkh/Ac6/SystemWorkbench/plugins/fr.ac6.mcu.externaltools.arm-none.linux64_1.16.0.201807130628/tools/compiler/bin/../lib/gcc/arm-none-eabi/7.2.1/../../../../arm-none-eabi/lib/thumb/v7e-m/fpv4-sp/hard/libc.a(lib_a-__atexit.o)
                              /home/gauravkh/Ac6/SystemWorkbench/plugins/fr.ac6.mcu.externaltools.arm-none.linux64_1.16.0.201807130628/tools/compiler/bin/../lib/gcc/arm-none-eabi/7.2.1/../../../../arm-none-eabi/lib/thumb/v7e-m/fpv4-sp/hard/libc.a(lib_a-atexit.o) (__register_exitproc)

Allocating common symbols
[...]
Memory Configuration

Name             Origin             Length             Attributes
FLASH            0x0000000008000000 0x0000000000040000 xr
RAM              0x0000000020000000 0x000000000000a000 xrw
CCMRAM           0x0000000010000000 0x0000000000002000 rw
*default*        0x0000000000000000 0xffffffffffffffff

Linker script and memory map

LOAD /home/gauravkh/Ac6/SystemWorkbench/plugins/fr.ac6.mcu.externaltools.arm-none.linux64_1.16.0.201807130628/tools/compiler/bin/../lib/gcc/arm-none-eabi/7.2.1/thumb/v7e-m/fpv4-sp/hard/crti.o
LOAD /home/gauravkh/Ac6/SystemWorkbench/plugins/fr.ac6.mcu.externaltools.arm-none.linux64_1.16.0.201807130628/tools/compiler/bin/../lib/gcc/arm-none-eabi/7.2.1/thumb/v7e-m/fpv4-sp/hard/crtbegin.o
LOAD /home/gauravkh/Ac6/SystemWorkbench/plugins/fr.ac6.mcu.externaltools.arm-none.linux64_1.16.0.201807130628/tools/compiler/bin/../lib/gcc/arm-none-eabi/7.2.1/../../../../arm-none-eabi/lib/thumb/v7e-m/fpv4-sp/hard/crt0.o
LOAD StdPeriph_Driver/src/stm32f30x_adc.o
LOAD StdPeriph_Driver/src/stm32f30x_can.o
LOAD StdPeriph_Driver/src/stm32f30x_comp.o
LOAD StdPeriph_Driver/src/stm32f30x_crc.o
LOAD StdPeriph_Driver/src/stm32f30x_dac.o
LOAD StdPeriph_Driver/src/stm32f30x_dbgmcu.o
LOAD StdPeriph_Driver/src/stm32f30x_dma.o
LOAD StdPeriph_Driver/src/stm32f30x_exti.o
LOAD StdPeriph_Driver/src/stm32f30x_flash.o
LOAD StdPeriph_Driver/src/stm32f30x_gpio.o
LOAD StdPeriph_Driver/src/stm32f30x_i2c.o
LOAD StdPeriph_Driver/src/stm32f30x_iwdg.o
LOAD StdPeriph_Driver/src/stm32f30x_misc.o
LOAD StdPeriph_Driver/src/stm32f30x_opamp.o
LOAD StdPeriph_Driver/src/stm32f30x_pwr.o
LOAD StdPeriph_Driver/src/stm32f30x_rcc.o
LOAD StdPeriph_Driver/src/stm32f30x_rtc.o
LOAD StdPeriph_Driver/src/stm32f30x_spi.o
LOAD StdPeriph_Driver/src/stm32f30x_syscfg.o
LOAD StdPeriph_Driver/src/stm32f30x_tim.o
LOAD StdPeriph_Driver/src/stm32f30x_usart.o
LOAD StdPeriph_Driver/src/stm32f30x_wwdg.o
LOAD Utilities/stm32f3_discovery.o
LOAD Utilities/stm32f3_discovery_l3gd20.o
LOAD Utilities/stm32f3_discovery_lsm303dlhc.o
LOAD src/main.o
LOAD src/syscalls.o
LOAD src/system_stm32f30x.o
LOAD startup/startup_stm32f30x.o
LOAD /home/gauravkh/Ac6/SystemWorkbench/plugins/fr.ac6.mcu.externaltools.arm-none.linux64_1.16.0.201807130628/tools/compiler/bin/../lib/gcc/arm-none-eabi/7.2.1/../../../../arm-none-eabi/lib/thumb/v7e-m/fpv4-sp/hard/libm.a
START GROUP
LOAD /home/gauravkh/Ac6/SystemWorkbench/plugins/fr.ac6.mcu.externaltools.arm-none.linux64_1.16.0.201807130628/tools/compiler/bin/../lib/gcc/arm-none-eabi/7.2.1/thumb/v7e-m/fpv4-sp/hard/libgcc.a
LOAD /home/gauravkh/Ac6/SystemWorkbench/plugins/fr.ac6.mcu.externaltools.arm-none.linux64_1.16.0.201807130628/tools/compiler/bin/../lib/gcc/arm-none-eabi/7.2.1/../../../../arm-none-eabi/lib/thumb/v7e-m/fpv4-sp/hard/libc.a
END GROUP
LOAD /home/gauravkh/Ac6/SystemWorkbench/plugins/fr.ac6.mcu.externaltools.arm-none.linux64_1.16.0.201807130628/tools/compiler/bin/../lib/gcc/arm-none-eabi/7.2.1/thumb/v7e-m/fpv4-sp/hard/crtend.o
LOAD /home/gauravkh/Ac6/SystemWorkbench/plugins/fr.ac6.mcu.externaltools.arm-none.linux64_1.16.0.201807130628/tools/compiler/bin/../lib/gcc/arm-none-eabi/7.2.1/thumb/v7e-m/fpv4-sp/hard/crtn.o
                0x000000002000a000                _estack = 0x2000a000
                0x0000000000000200                _Min_Heap_Size = 0x200
                0x0000000000000400                _Min_Stack_Size = 0x400

.isr_vector     0x0000000008000000      0x188
                0x0000000008000000                . = ALIGN (0x4)
 *(.isr_vector)
 .isr_vector    0x0000000008000000      0x188 startup/startup_stm32f30x.o
                0x0000000008000000                g_pfnVectors
                0x0000000008000188                . = ALIGN (0x4)

.text           0x0000000008000188      0xa34
                0x0000000008000188                . = ALIGN (0x4)
 *(.text)
 .text          0x0000000008000188       0x40 /home/gauravkh/Ac6/SystemWorkbench/plugins/fr.ac6.mcu.externaltools.arm-none.linux64_1.16.0.201807130628/tools/compiler/bin/../lib/gcc/arm-none-eabi/7.2.1/thumb/v7e-m/fpv4-sp/hard/crtbegin.o
 *(.text*)
 .text.GPIO_Init
                0x00000000080001c8      0x12a StdPeriph_Driver/src/stm32f30x_gpio.o
                0x00000000080001c8                GPIO_Init
 .text.GPIO_PinAFConfig
                0x00000000080002f2       0x92 StdPeriph_Driver/src/stm32f30x_gpio.o
                0x00000000080002f2                GPIO_PinAFConfig
 .text.I2C_DeInit
                0x0000000008000384       0x48 StdPeriph_Driver/src/stm32f30x_i2c.o
                0x0000000008000384                I2C_DeInit
 .text.I2C_Init
                0x00000000080003cc       0xcc StdPeriph_Driver/src/stm32f30x_i2c.o
                0x00000000080003cc                I2C_Init
 .text.I2C_Cmd  0x0000000008000498       0x38 StdPeriph_Driver/src/stm32f30x_i2c.o
                0x0000000008000498                I2C_Cmd
 .text.I2C_GenerateSTOP
                0x00000000080004d0       0x38 StdPeriph_Driver/src/stm32f30x_i2c.o
                0x00000000080004d0                I2C_GenerateSTOP
 .text.I2C_AcknowledgeConfig
                0x0000000008000508       0x38 StdPeriph_Driver/src/stm32f30x_i2c.o
                0x0000000008000508                I2C_AcknowledgeConfig
 .text.I2C_TransferHandling
                0x0000000008000540       0x58 StdPeriph_Driver/src/stm32f30x_i2c.o
                0x0000000008000540                I2C_TransferHandling
 .text.I2C_SendData
                0x0000000008000598       0x1e StdPeriph_Driver/src/stm32f30x_i2c.o
                0x0000000008000598                I2C_SendData
 .text.I2C_GetFlagStatus
                0x00000000080005b6       0x3e StdPeriph_Driver/src/stm32f30x_i2c.o
                0x00000000080005b6                I2C_GetFlagStatus
 .text.RCC_I2CCLKConfig
                0x00000000080005f4       0x50 StdPeriph_Driver/src/stm32f30x_rcc.o
                0x00000000080005f4                RCC_I2CCLKConfig
 .text.RCC_APB1PeriphClockCmd
                0x0000000008000644       0x40 StdPeriph_Driver/src/stm32f30x_rcc.o
                0x0000000008000644                RCC_APB1PeriphClockCmd
 .text.RCC_APB1PeriphResetCmd
                0x0000000008000684       0x40 StdPeriph_Driver/src/stm32f30x_rcc.o
                0x0000000008000684                RCC_APB1PeriphResetCmd
 .text.i2c1_init
                0x00000000080006c4       0xbc src/main.o
                0x00000000080006c4                i2c1_init
 .text.I2Cx_Write
                0x0000000008000780       0xdc src/main.o
                0x0000000008000780                I2Cx_Write
 .text.main     0x000000000800085c       0x20 src/main.o
                0x000000000800085c                main
 .text.SystemInit
                0x000000000800087c       0x94 src/system_stm32f30x.o
                0x000000000800087c                SystemInit
 .text.SetSysClock
                0x0000000008000910       0xe4 src/system_stm32f30x.o
 .text.Reset_Handler
                0x00000000080009f4       0x48 startup/startup_stm32f30x.o
                0x00000000080009f4                Reset_Handler
 .text.Default_Handler
                0x0000000008000a3c        0x2 startup/startup_stm32f30x.o
                0x0000000008000a3c                RTC_Alarm_IRQHandler
                0x0000000008000a3c                TIM8_TRG_COM_IRQHandler
                0x0000000008000a3c                TIM8_CC_IRQHandler
                0x0000000008000a3c                DebugMon_Handler
                0x0000000008000a3c                TIM1_CC_IRQHandler
                0x0000000008000a3c                HardFault_Handler
                0x0000000008000a3c                USB_HP_IRQHandler
                0x0000000008000a3c                SysTick_Handler
                0x0000000008000a3c                PVD_IRQHandler
                0x0000000008000a3c                PendSV_Handler
                0x0000000008000a3c                NMI_Handler
                0x0000000008000a3c                EXTI3_IRQHandler
                0x0000000008000a3c                EXTI0_IRQHandler
                0x0000000008000a3c                I2C2_EV_IRQHandler
                0x0000000008000a3c                FPU_IRQHandler
                0x0000000008000a3c                EXTI2_TS_IRQHandler
                0x0000000008000a3c                TIM1_UP_TIM16_IRQHandler
                0x0000000008000a3c                UsageFault_Handler
                0x0000000008000a3c                ADC1_2_IRQHandler
                0x0000000008000a3c                SPI1_IRQHandler
                0x0000000008000a3c                TIM6_DAC_IRQHandler
                0x0000000008000a3c                TIM8_UP_IRQHandler
                0x0000000008000a3c                DMA2_Channel2_IRQHandler
                0x0000000008000a3c                DMA1_Channel4_IRQHandler
                0x0000000008000a3c                USART3_IRQHandler
                0x0000000008000a3c                DMA1_Channel7_IRQHandler
                0x0000000008000a3c                CAN1_RX1_IRQHandler
                0x0000000008000a3c                UART5_IRQHandler
                0x0000000008000a3c                ADC3_IRQHandler
                0x0000000008000a3c                TIM4_IRQHandler
                0x0000000008000a3c                DMA2_Channel1_IRQHandler
                0x0000000008000a3c                I2C1_EV_IRQHandler
                0x0000000008000a3c                DMA1_Channel6_IRQHandler
                0x0000000008000a3c                UART4_IRQHandler
                0x0000000008000a3c                DMA2_Channel4_IRQHandler
                0x0000000008000a3c                TIM3_IRQHandler
                0x0000000008000a3c                RCC_IRQHandler
                0x0000000008000a3c                DMA1_Channel1_IRQHandler
                0x0000000008000a3c                Default_Handler
                0x0000000008000a3c                USBWakeUp_RMP_IRQHandler
                0x0000000008000a3c                EXTI15_10_IRQHandler
                0x0000000008000a3c                TIM7_IRQHandler
                0x0000000008000a3c                EXTI9_5_IRQHandler
                0x0000000008000a3c                TAMPER_STAMP_IRQHandler
                0x0000000008000a3c                RTC_WKUP_IRQHandler
                0x0000000008000a3c                SPI2_IRQHandler
                0x0000000008000a3c                MemManage_Handler
                0x0000000008000a3c                SVC_Handler
                0x0000000008000a3c                DMA2_Channel5_IRQHandler
                0x0000000008000a3c                DMA1_Channel5_IRQHandler
                0x0000000008000a3c                USB_LP_IRQHandler
                0x0000000008000a3c                EXTI4_IRQHandler
                0x0000000008000a3c                USB_LP_CAN1_RX0_IRQHandler
                0x0000000008000a3c                TIM1_TRG_COM_TIM17_IRQHandler
                0x0000000008000a3c                USB_HP_CAN1_TX_IRQHandler
                0x0000000008000a3c                DMA1_Channel3_IRQHandler
                0x0000000008000a3c                ADC4_IRQHandler
                0x0000000008000a3c                WWDG_IRQHandler
                0x0000000008000a3c                TIM2_IRQHandler
                0x0000000008000a3c                COMP7_IRQHandler
                0x0000000008000a3c                COMP1_2_3_IRQHandler
                0x0000000008000a3c                EXTI1_IRQHandler
                0x0000000008000a3c                USART2_IRQHandler
                0x0000000008000a3c                COMP4_5_6_IRQHandler
                0x0000000008000a3c                I2C2_ER_IRQHandler
                0x0000000008000a3c                DMA1_Channel2_IRQHandler
                0x0000000008000a3c                TIM8_BRK_IRQHandler
                0x0000000008000a3c                CAN1_SCE_IRQHandler
                0x0000000008000a3c                FLASH_IRQHandler
                0x0000000008000a3c                BusFault_Handler
                0x0000000008000a3c                USART1_IRQHandler
                0x0000000008000a3c                SPI3_IRQHandler
                0x0000000008000a3c                I2C1_ER_IRQHandler
                0x0000000008000a3c                USBWakeUp_IRQHandler
                0x0000000008000a3c                DMA2_Channel3_IRQHandler
                0x0000000008000a3c                TIM1_BRK_TIM15_IRQHandler
 *fill*         0x0000000008000a3e        0x2 
 .text.__libc_init_array
                0x0000000008000a40       0x48 /home/gauravkh/Ac6/SystemWorkbench/plugins/fr.ac6.mcu.externaltools.arm-none.linux64_1.16.0.201807130628/tools/compiler/bin/../lib/gcc/arm-none-eabi/7.2.1/../../../../arm-none-eabi/lib/thumb/v7e-m/fpv4-sp/hard/libc.a(lib_a-init.o)
                0x0000000008000a40                __libc_init_array
 .text.startup.register_fini
                0x0000000008000a88       0x14 /home/gauravkh/Ac6/SystemWorkbench/plugins/fr.ac6.mcu.externaltools.arm-none.linux64_1.16.0.201807130628/tools/compiler/bin/../lib/gcc/arm-none-eabi/7.2.1/../../../../arm-none-eabi/lib/thumb/v7e-m/fpv4-sp/hard/libc.a(lib_a-__call_atexit.o)
 .text.atexit   0x0000000008000a9c        0xc /home/gauravkh/Ac6/SystemWorkbench/plugins/fr.ac6.mcu.externaltools.arm-none.linux64_1.16.0.201807130628/tools/compiler/bin/../lib/gcc/arm-none-eabi/7.2.1/../../../../arm-none-eabi/lib/thumb/v7e-m/fpv4-sp/hard/libc.a(lib_a-atexit.o)
                0x0000000008000a9c                atexit
 .text.__libc_fini_array
                0x0000000008000aa8       0x34 /home/gauravkh/Ac6/SystemWorkbench/plugins/fr.ac6.mcu.externaltools.arm-none.linux64_1.16.0.201807130628/tools/compiler/bin/../lib/gcc/arm-none-eabi/7.2.1/../../../../arm-none-eabi/lib/thumb/v7e-m/fpv4-sp/hard/libc.a(lib_a-fini.o)
                0x0000000008000aa8                __libc_fini_array
 .text.__retarget_lock_acquire_recursive
                0x0000000008000adc        0x4 /home/gauravkh/Ac6/SystemWorkbench/plugins/fr.ac6.mcu.externaltools.arm-none.linux64_1.16.0.201807130628/tools/compiler/bin/../lib/gcc/arm-none-eabi/7.2.1/../../../../arm-none-eabi/lib/thumb/v7e-m/fpv4-sp/hard/libc.a(lib_a-lock.o)
                0x0000000008000adc                __retarget_lock_acquire_recursive
 .text.__retarget_lock_release_recursive
                0x0000000008000ae0        0x4 /home/gauravkh/Ac6/SystemWorkbench/plugins/fr.ac6.mcu.externaltools.arm-none.linux64_1.16.0.201807130628/tools/compiler/bin/../lib/gcc/arm-none-eabi/7.2.1/../../../../arm-none-eabi/lib/thumb/v7e-m/fpv4-sp/hard/libc.a(lib_a-lock.o)
                0x0000000008000ae0                __retarget_lock_release_recursive
 .text.__register_exitproc
                0x0000000008000ae4       0xc0 /home/gauravkh/Ac6/SystemWorkbench/plugins/fr.ac6.mcu.externaltools.arm-none.linux64_1.16.0.201807130628/tools/compiler/bin/../lib/gcc/arm-none-eabi/7.2.1/../../../../arm-none-eabi/lib/thumb/v7e-m/fpv4-sp/hard/libc.a(lib_a-__atexit.o)
                0x0000000008000ae4                __register_exitproc
 *(.glue_7)
 .glue_7        0x0000000008000ba4        0x0 linker stubs
 *(.glue_7t)
 .glue_7t       0x0000000008000ba4        0x0 linker stubs
 *(.eh_frame)
 .eh_frame      0x0000000008000ba4        0x0 /home/gauravkh/Ac6/SystemWorkbench/plugins/fr.ac6.mcu.externaltools.arm-none.linux64_1.16.0.201807130628/tools/compiler/bin/../lib/gcc/arm-none-eabi/7.2.1/thumb/v7e-m/fpv4-sp/hard/crtbegin.o
 *(.init)
 .init          0x0000000008000ba4        0x4 /home/gauravkh/Ac6/SystemWorkbench/plugins/fr.ac6.mcu.externaltools.arm-none.linux64_1.16.0.201807130628/tools/compiler/bin/../lib/gcc/arm-none-eabi/7.2.1/thumb/v7e-m/fpv4-sp/hard/crti.o
                0x0000000008000ba4                _init
 .init          0x0000000008000ba8        0x8 /home/gauravkh/Ac6/SystemWorkbench/plugins/fr.ac6.mcu.externaltools.arm-none.linux64_1.16.0.201807130628/tools/compiler/bin/../lib/gcc/arm-none-eabi/7.2.1/thumb/v7e-m/fpv4-sp/hard/crtn.o
 *(.fini)
 .fini          0x0000000008000bb0        0x4 /home/gauravkh/Ac6/SystemWorkbench/plugins/fr.ac6.mcu.externaltools.arm-none.linux64_1.16.0.201807130628/tools/compiler/bin/../lib/gcc/arm-none-eabi/7.2.1/thumb/v7e-m/fpv4-sp/hard/crti.o
                0x0000000008000bb0                _fini
 .fini          0x0000000008000bb4        0x8 /home/gauravkh/Ac6/SystemWorkbench/plugins/fr.ac6.mcu.externaltools.arm-none.linux64_1.16.0.201807130628/tools/compiler/bin/../lib/gcc/arm-none-eabi/7.2.1/thumb/v7e-m/fpv4-sp/hard/crtn.o
                0x0000000008000bbc                . = ALIGN (0x4)
                0x0000000008000bbc                _etext = .

.vfp11_veneer   0x0000000008000bbc        0x0
 .vfp11_veneer  0x0000000008000bbc        0x0 linker stubs

.v4_bx          0x0000000008000bbc        0x0
 .v4_bx         0x0000000008000bbc        0x0 linker stubs

.iplt           0x0000000008000bbc        0x0
 .iplt          0x0000000008000bbc        0x0 /home/gauravkh/Ac6/SystemWorkbench/plugins/fr.ac6.mcu.externaltools.arm-none.linux64_1.16.0.201807130628/tools/compiler/bin/../lib/gcc/arm-none-eabi/7.2.1/thumb/v7e-m/fpv4-sp/hard/crtbegin.o

.rodata         0x0000000008000bbc        0x4
                0x0000000008000bbc                . = ALIGN (0x4)
 *(.rodata)
 *(.rodata*)
 .rodata._global_impure_ptr
                0x0000000008000bbc        0x4 /home/gauravkh/Ac6/SystemWorkbench/plugins/fr.ac6.mcu.externaltools.arm-none.linux64_1.16.0.201807130628/tools/compiler/bin/../lib/gcc/arm-none-eabi/7.2.1/../../../../arm-none-eabi/lib/thumb/v7e-m/fpv4-sp/hard/libc.a(lib_a-impure.o)
                0x0000000008000bbc                _global_impure_ptr
                0x0000000008000bc0                . = ALIGN (0x4)

.rel.dyn        0x0000000008000bc0        0x0
 .rel.iplt      0x0000000008000bc0        0x0 /home/gauravkh/Ac6/SystemWorkbench/plugins/fr.ac6.mcu.externaltools.arm-none.linux64_1.16.0.201807130628/tools/compiler/bin/../lib/gcc/arm-none-eabi/7.2.1/thumb/v7e-m/fpv4-sp/hard/crtbegin.o

.ARM.extab
 *(.ARM.extab* .gnu.linkonce.armextab.*)

.ARM            0x0000000008000bc0        0x0
                0x0000000008000bc0                __exidx_start = .
 *(.ARM.exidx*)
                0x0000000008000bc0                __exidx_end = .

.preinit_array  0x0000000008000bc0        0x0
                0x0000000008000bc0                PROVIDE (__preinit_array_start, .)
 *(.preinit_array*)
                0x0000000008000bc0                PROVIDE (__preinit_array_end, .)

.init_array     0x0000000008000bc0        0x8
                0x0000000008000bc0                PROVIDE (__init_array_start, .)
 *(SORT_BY_NAME(.init_array.*))
 .init_array.00000
                0x0000000008000bc0        0x4 /home/gauravkh/Ac6/SystemWorkbench/plugins/fr.ac6.mcu.externaltools.arm-none.linux64_1.16.0.201807130628/tools/compiler/bin/../lib/gcc/arm-none-eabi/7.2.1/../../../../arm-none-eabi/lib/thumb/v7e-m/fpv4-sp/hard/libc.a(lib_a-__call_atexit.o)
 *(.init_array*)
 .init_array    0x0000000008000bc4        0x4 /home/gauravkh/Ac6/SystemWorkbench/plugins/fr.ac6.mcu.externaltools.arm-none.linux64_1.16.0.201807130628/tools/compiler/bin/../lib/gcc/arm-none-eabi/7.2.1/thumb/v7e-m/fpv4-sp/hard/crtbegin.o
                0x0000000008000bc8                PROVIDE (__init_array_end, .)

.fini_array     0x0000000008000bc8        0x4
                0x0000000008000bc8                PROVIDE (__fini_array_start, .)
 *(SORT_BY_NAME(.fini_array.*))
 *(.fini_array*)
 .fini_array    0x0000000008000bc8        0x4 /home/gauravkh/Ac6/SystemWorkbench/plugins/fr.ac6.mcu.externaltools.arm-none.linux64_1.16.0.201807130628/tools/compiler/bin/../lib/gcc/arm-none-eabi/7.2.1/thumb/v7e-m/fpv4-sp/hard/crtbegin.o
                0x0000000008000bcc                PROVIDE (__fini_array_end, .)
                0x0000000008000bcc                _sidata = LOADADDR (.data)

.data           0x0000000020000000      0x42c load address 0x0000000008000bcc
                0x0000000020000000                . = ALIGN (0x4)
                0x0000000020000000                _sdata = .
 *(.data)
 *(.data*)
 .data.impure_data
                0x0000000020000000      0x428 /home/gauravkh/Ac6/SystemWorkbench/plugins/fr.ac6.mcu.externaltools.arm-none.linux64_1.16.0.201807130628/tools/compiler/bin/../lib/gcc/arm-none-eabi/7.2.1/../../../../arm-none-eabi/lib/thumb/v7e-m/fpv4-sp/hard/libc.a(lib_a-impure.o)
 .data.__atexit_recursive_mutex
                0x0000000020000428        0x4 /home/gauravkh/Ac6/SystemWorkbench/plugins/fr.ac6.mcu.externaltools.arm-none.linux64_1.16.0.201807130628/tools/compiler/bin/../lib/gcc/arm-none-eabi/7.2.1/../../../../arm-none-eabi/lib/thumb/v7e-m/fpv4-sp/hard/libc.a(lib_a-__call_atexit.o)
                0x0000000020000428                __atexit_recursive_mutex
                0x000000002000042c                . = ALIGN (0x4)
                0x000000002000042c                _edata = .
                0x0000000008000ff8                _siccmram = LOADADDR (.ccmram)

.igot.plt       0x000000002000042c        0x0 load address 0x0000000008000ff8
 .igot.plt      0x000000002000042c        0x0 /home/gauravkh/Ac6/SystemWorkbench/plugins/fr.ac6.mcu.externaltools.arm-none.linux64_1.16.0.201807130628/tools/compiler/bin/../lib/gcc/arm-none-eabi/7.2.1/thumb/v7e-m/fpv4-sp/hard/crtbegin.o

.ccmram         0x0000000010000000        0x0 load address 0x0000000008000ff8
                0x0000000010000000                . = ALIGN (0x4)
                0x0000000010000000                _sccmram = .
 *(.ccmram)
 *(.ccmram*)
                0x0000000010000000                . = ALIGN (0x4)
                0x0000000010000000                _eccmram = .
                0x0000000010000000                . = ALIGN (0x4)

.bss            0x000000002000042c       0x40
                0x000000002000042c                _sbss = .
                0x000000002000042c                __bss_start__ = _sbss
 *(.bss)
 .bss           0x000000002000042c       0x1c /home/gauravkh/Ac6/SystemWorkbench/plugins/fr.ac6.mcu.externaltools.arm-none.linux64_1.16.0.201807130628/tools/compiler/bin/../lib/gcc/arm-none-eabi/7.2.1/thumb/v7e-m/fpv4-sp/hard/crtbegin.o
 *(.bss*)
 *(COMMON)
 COMMON         0x0000000020000448       0x21 /home/gauravkh/Ac6/SystemWorkbench/plugins/fr.ac6.mcu.externaltools.arm-none.linux64_1.16.0.201807130628/tools/compiler/bin/../lib/gcc/arm-none-eabi/7.2.1/../../../../arm-none-eabi/lib/thumb/v7e-m/fpv4-sp/hard/libc.a(lib_a-lock.o)
                0x0000000020000448                __lock___atexit_recursive_mutex
                0x000000002000044c                __lock___arc4random_mutex
                0x0000000020000450                __lock___env_recursive_mutex
                0x0000000020000454                __lock___sinit_recursive_mutex
                0x0000000020000458                __lock___malloc_recursive_mutex
                0x000000002000045c                __lock___at_quick_exit_mutex
                0x0000000020000460                __lock___dd_hash_mutex
                0x0000000020000464                __lock___tz_mutex
                0x0000000020000468                __lock___sfp_recursive_mutex
                0x000000002000046c                . = ALIGN (0x4)
 *fill*         0x0000000020000469        0x3 
                0x000000002000046c                _ebss = .
                0x000000002000046c                __bss_end__ = _ebss

._user_heap_stack
                0x000000002000046c      0x604
                0x0000000020000470                . = ALIGN (0x8)
 *fill*         0x000000002000046c        0x4 
                0x0000000020000470                PROVIDE (end, .)
                [!provide]                        PROVIDE (_end, .)
                0x0000000020000670                . = (. + _Min_Heap_Size)
 *fill*         0x0000000020000470      0x200 
                0x0000000020000a70                . = (. + _Min_Stack_Size)
 *fill*         0x0000000020000670      0x400 
                0x0000000020000a70                . = ALIGN (0x8)

/DISCARD/
 libc.a(*)
 libm.a(*)
 libgcc.a(*)

.ARM.attributes
                0x0000000000000000       0x30
 *(.ARM.attributes)
 .ARM.attributes
                0x0000000000000000       0x22 /home/gauravkh/Ac6/SystemWorkbench/plugins/fr.ac6.mcu.externaltools.arm-none.linux64_1.16.0.201807130628/tools/compiler/bin/../lib/gcc/arm-none-eabi/7.2.1/thumb/v7e-m/fpv4-sp/hard/crti.o
 .ARM.attributes
                0x0000000000000022       0x34 /home/gauravkh/Ac6/SystemWorkbench/plugins/fr.ac6.mcu.externaltools.arm-none.linux64_1.16.0.201807130628/tools/compiler/bin/../lib/gcc/arm-none-eabi/7.2.1/thumb/v7e-m/fpv4-sp/hard/crtbegin.o
 .ARM.attributes
                0x0000000000000056       0x39 StdPeriph_Driver/src/stm32f30x_gpio.o
 .ARM.attributes
                0x000000000000008f       0x39 StdPeriph_Driver/src/stm32f30x_i2c.o
 .ARM.attributes
                0x00000000000000c8       0x39 StdPeriph_Driver/src/stm32f30x_rcc.o
 .ARM.attributes
                0x0000000000000101       0x39 src/main.o
 .ARM.attributes
                0x000000000000013a       0x39 src/system_stm32f30x.o
 .ARM.attributes
                0x0000000000000173       0x21 startup/startup_stm32f30x.o
 .ARM.attributes
                0x0000000000000194       0x34 /home/gauravkh/Ac6/SystemWorkbench/plugins/fr.ac6.mcu.externaltools.arm-none.linux64_1.16.0.201807130628/tools/compiler/bin/../lib/gcc/arm-none-eabi/7.2.1/../../../../arm-none-eabi/lib/thumb/v7e-m/fpv4-sp/hard/libc.a(lib_a-impure.o)
 .ARM.attributes
                0x00000000000001c8       0x34 /home/gauravkh/Ac6/SystemWorkbench/plugins/fr.ac6.mcu.externaltools.arm-none.linux64_1.16.0.201807130628/tools/compiler/bin/../lib/gcc/arm-none-eabi/7.2.1/../../../../arm-none-eabi/lib/thumb/v7e-m/fpv4-sp/hard/libc.a(lib_a-init.o)
 .ARM.attributes
                0x00000000000001fc       0x34 /home/gauravkh/Ac6/SystemWorkbench/plugins/fr.ac6.mcu.externaltools.arm-none.linux64_1.16.0.201807130628/tools/compiler/bin/../lib/gcc/arm-none-eabi/7.2.1/../../../../arm-none-eabi/lib/thumb/v7e-m/fpv4-sp/hard/libc.a(lib_a-__call_atexit.o)
 .ARM.attributes
                0x0000000000000230       0x34 /home/gauravkh/Ac6/SystemWorkbench/plugins/fr.ac6.mcu.externaltools.arm-none.linux64_1.16.0.201807130628/tools/compiler/bin/../lib/gcc/arm-none-eabi/7.2.1/../../../../arm-none-eabi/lib/thumb/v7e-m/fpv4-sp/hard/libc.a(lib_a-atexit.o)
 .ARM.attributes
                0x0000000000000264       0x34 /home/gauravkh/Ac6/SystemWorkbench/plugins/fr.ac6.mcu.externaltools.arm-none.linux64_1.16.0.201807130628/tools/compiler/bin/../lib/gcc/arm-none-eabi/7.2.1/../../../../arm-none-eabi/lib/thumb/v7e-m/fpv4-sp/hard/libc.a(lib_a-fini.o)
 .ARM.attributes
                0x0000000000000298       0x34 /home/gauravkh/Ac6/SystemWorkbench/plugins/fr.ac6.mcu.externaltools.arm-none.linux64_1.16.0.201807130628/tools/compiler/bin/../lib/gcc/arm-none-eabi/7.2.1/../../../../arm-none-eabi/lib/thumb/v7e-m/fpv4-sp/hard/libc.a(lib_a-lock.o)
 .ARM.attributes
                0x00000000000002cc       0x34 /home/gauravkh/Ac6/SystemWorkbench/plugins/fr.ac6.mcu.externaltools.arm-none.linux64_1.16.0.201807130628/tools/compiler/bin/../lib/gcc/arm-none-eabi/7.2.1/../../../../arm-none-eabi/lib/thumb/v7e-m/fpv4-sp/hard/libc.a(lib_a-__atexit.o)
 .ARM.attributes
                0x0000000000000300       0x22 /home/gauravkh/Ac6/SystemWorkbench/plugins/fr.ac6.mcu.externaltools.arm-none.linux64_1.16.0.201807130628/tools/compiler/bin/../lib/gcc/arm-none-eabi/7.2.1/thumb/v7e-m/fpv4-sp/hard/crtn.o
OUTPUT(I2C.elf elf32-littlearm)

.debug_info     0x0000000000000000     0x26a1
 .debug_info    0x0000000000000000      0x620 StdPeriph_Driver/src/stm32f30x_gpio.o
 .debug_info    0x0000000000000620      0xbf0 StdPeriph_Driver/src/stm32f30x_i2c.o
 .debug_info    0x0000000000001210      0xadb StdPeriph_Driver/src/stm32f30x_rcc.o
 .debug_info    0x0000000000001ceb      0x4d0 src/main.o
 .debug_info    0x00000000000021bb      0x4c4 src/system_stm32f30x.o
 .debug_info    0x000000000000267f       0x22 startup/startup_stm32f30x.o

.debug_abbrev   0x0000000000000000      0x833
 .debug_abbrev  0x0000000000000000      0x1b0 StdPeriph_Driver/src/stm32f30x_gpio.o
 .debug_abbrev  0x00000000000001b0      0x196 StdPeriph_Driver/src/stm32f30x_i2c.o
 .debug_abbrev  0x0000000000000346      0x1fd StdPeriph_Driver/src/stm32f30x_rcc.o
 .debug_abbrev  0x0000000000000543      0x172 src/main.o
 .debug_abbrev  0x00000000000006b5      0x16c src/system_stm32f30x.o
 .debug_abbrev  0x0000000000000821       0x12 startup/startup_stm32f30x.o

.debug_aranges  0x0000000000000000      0x3c0
 .debug_aranges
                0x0000000000000000       0x80 StdPeriph_Driver/src/stm32f30x_gpio.o
 .debug_aranges
                0x0000000000000080      0x168 StdPeriph_Driver/src/stm32f30x_i2c.o
 .debug_aranges
                0x00000000000001e8      0x150 StdPeriph_Driver/src/stm32f30x_rcc.o
 .debug_aranges
                0x0000000000000338       0x30 src/main.o
 .debug_aranges
                0x0000000000000368       0x30 src/system_stm32f30x.o
 .debug_aranges
                0x0000000000000398       0x28 startup/startup_stm32f30x.o

.debug_ranges   0x0000000000000000      0x368
 .debug_ranges  0x0000000000000000       0x70 StdPeriph_Driver/src/stm32f30x_gpio.o
 .debug_ranges  0x0000000000000070      0x158 StdPeriph_Driver/src/stm32f30x_i2c.o
 .debug_ranges  0x00000000000001c8      0x140 StdPeriph_Driver/src/stm32f30x_rcc.o
 .debug_ranges  0x0000000000000308       0x20 src/main.o
 .debug_ranges  0x0000000000000328       0x20 src/system_stm32f30x.o
 .debug_ranges  0x0000000000000348       0x20 startup/startup_stm32f30x.o

.debug_macro    0x0000000000000000     0x1392
 .debug_macro   0x0000000000000000      0x19f StdPeriph_Driver/src/stm32f30x_gpio.o
 .debug_macro   0x000000000000019f      0x19b StdPeriph_Driver/src/stm32f30x_gpio.o
 .debug_macro   0x000000000000033a      0x1bd StdPeriph_Driver/src/stm32f30x_i2c.o
 .debug_macro   0x00000000000004f7      0x294 StdPeriph_Driver/src/stm32f30x_i2c.o
 .debug_macro   0x000000000000078b      0x238 StdPeriph_Driver/src/stm32f30x_rcc.o
 .debug_macro   0x00000000000009c3      0x5c0 StdPeriph_Driver/src/stm32f30x_rcc.o
 .debug_macro   0x0000000000000f83      0x19a src/main.o
 .debug_macro   0x000000000000111d       0xd8 src/main.o
 .debug_macro   0x00000000000011f5      0x19d src/system_stm32f30x.o

.debug_line     0x0000000000000000     0x26df
 .debug_line    0x0000000000000000      0x70e StdPeriph_Driver/src/stm32f30x_gpio.o
 .debug_line    0x000000000000070e      0x954 StdPeriph_Driver/src/stm32f30x_i2c.o
 .debug_line    0x0000000000001062      0x975 StdPeriph_Driver/src/stm32f30x_rcc.o
 .debug_line    0x00000000000019d7      0x659 src/main.o
 .debug_line    0x0000000000002030      0x634 src/system_stm32f30x.o
 .debug_line    0x0000000000002664       0x7b startup/startup_stm32f30x.o

.debug_str      0x0000000000000000    0x5522e
 .debug_str     0x0000000000000000    0x53d68 StdPeriph_Driver/src/stm32f30x_gpio.o
                                      0x53ee5 (size before relaxing)
 .debug_str     0x0000000000053d68      0x550 StdPeriph_Driver/src/stm32f30x_i2c.o
                                      0x54156 (size before relaxing)
 .debug_str     0x00000000000542b8      0xa66 StdPeriph_Driver/src/stm32f30x_rcc.o
                                      0x546a0 (size before relaxing)
 .debug_str     0x0000000000054d1e      0x3f8 src/main.o
                                      0x54219 (size before relaxing)
 .debug_str     0x0000000000055116       0xea src/system_stm32f30x.o
                                      0x53d5f (size before relaxing)
 .debug_str     0x0000000000055200       0x2e startup/startup_stm32f30x.o
                                         0x51 (size before relaxing)

.comment        0x0000000000000000       0x7e
 .comment       0x0000000000000000       0x7e StdPeriph_Driver/src/stm32f30x_gpio.o
                                         0x7f (size before relaxing)
 .comment       0x000000000000007e       0x7f StdPeriph_Driver/src/stm32f30x_i2c.o
 .comment       0x000000000000007e       0x7f StdPeriph_Driver/src/stm32f30x_rcc.o
 .comment       0x000000000000007e       0x7f src/main.o
 .comment       0x000000000000007e       0x7f src/system_stm32f30x.o

.debug_frame    0x0000000000000000     0x1174
 .debug_frame   0x0000000000000000      0x214 StdPeriph_Driver/src/stm32f30x_gpio.o
 .debug_frame   0x0000000000000214      0x69c StdPeriph_Driver/src/stm32f30x_i2c.o
 .debug_frame   0x00000000000008b0      0x60c StdPeriph_Driver/src/stm32f30x_rcc.o
 .debug_frame   0x0000000000000ebc       0x7c src/main.o
 .debug_frame   0x0000000000000f38       0x7c src/system_stm32f30x.o
 .debug_frame   0x0000000000000fb4       0x2c /home/gauravkh/Ac6/SystemWorkbench/plugins/fr.ac6.mcu.externaltools.arm-none.linux64_1.16.0.201807130628/tools/compiler/bin/../lib/gcc/arm-none-eabi/7.2.1/../../../../arm-none-eabi/lib/thumb/v7e-m/fpv4-sp/hard/libc.a(lib_a-init.o)
 .debug_frame   0x0000000000000fe0       0x5c /home/gauravkh/Ac6/SystemWorkbench/plugins/fr.ac6.mcu.externaltools.arm-none.linux64_1.16.0.201807130628/tools/compiler/bin/../lib/gcc/arm-none-eabi/7.2.1/../../../../arm-none-eabi/lib/thumb/v7e-m/fpv4-sp/hard/libc.a(lib_a-__call_atexit.o)
 .debug_frame   0x000000000000103c       0x20 /home/gauravkh/Ac6/SystemWorkbench/plugins/fr.ac6.mcu.externaltools.arm-none.linux64_1.16.0.201807130628/tools/compiler/bin/../lib/gcc/arm-none-eabi/7.2.1/../../../../arm-none-eabi/lib/thumb/v7e-m/fpv4-sp/hard/libc.a(lib_a-atexit.o)
 .debug_frame   0x000000000000105c       0x34 /home/gauravkh/Ac6/SystemWorkbench/plugins/fr.ac6.mcu.externaltools.arm-none.linux64_1.16.0.201807130628/tools/compiler/bin/../lib/gcc/arm-none-eabi/7.2.1/../../../../arm-none-eabi/lib/thumb/v7e-m/fpv4-sp/hard/libc.a(lib_a-fini.o)
 .debug_frame   0x0000000000001090       0xb0 /home/gauravkh/Ac6/SystemWorkbench/plugins/fr.ac6.mcu.externaltools.arm-none.linux64_1.16.0.201807130628/tools/compiler/bin/../lib/gcc/arm-none-eabi/7.2.1/../../../../arm-none-eabi/lib/thumb/v7e-m/fpv4-sp/hard/libc.a(lib_a-lock.o)
 .debug_frame   0x0000000000001140       0x34 /home/gauravkh/Ac6/SystemWorkbench/plugins/fr.ac6.mcu.externaltools.arm-none.linux64_1.16.0.201807130628/tools/compiler/bin/../lib/gcc/arm-none-eabi/7.2.1/../../../../arm-none-eabi/lib/thumb/v7e-m/fpv4-sp/hard/libc.a(lib_a-__atexit.o)
